==============================================================================
PART 3.  The empirical test at p = 24..36 (the convergent desert)
==============================================================================
  Recipe of 12.8.6.2 + 12.8.6.3, reimplemented independently; candidate
  n taken from the whole window (ordinary integers) rather than from
  the continued-fraction chain. Correction search in log space; every
  reported pass is re-verified with exact big integers, all p rotations,
  plus the exact divisibility test q | R_r.

  Assembled from the slices listed in staircase_allp_diophantine_note.txt.
  Rows p = 18..22 are cross-checks against 12.8.6.4's own range, not part of
  the brief's requested sweep. The 'cap' column says whether the sharpening
  pass hit its wall-clock budget: 'yes' means the gamma in that row is the
  sharpest found INSIDE the budget, an upper bound on the sharpest achievable
  gamma, not a measurement of it.

     p            n  n/1.585^p     gamma  gam/log2p crash  moves   exact   q|R_r   cap     sec
    18         3386      0.850     2.342      0.562     1     20    PASS   False    no     9.9
    19         5369      0.850     2.266      0.533     1     21    PASS   False    no    19.1
    20        13515      1.350     2.752      0.637     1     27    PASS   False    no    36.3
    21        11108      0.700     2.725      0.620     1     23    PASS   False    no    36.1
    22            -          -         -      3.379     1      -    PASS   False   yes       -
    24        53692      0.850     2.995      0.653     1     27    PASS   False    no    83.9
    25       100112      1.000     2.739      0.590     1     31    PASS   False    no    83.8
    26       111070      0.700     2.852      0.607     1     30    PASS   False    no   152.3
    27       213762      0.850     2.674      0.562     1     33    PASS   False    no   120.4
    28       279019      0.700     2.222      0.462     1     35    PASS   False    no    98.9
    29       539744      0.854    17.033      3.506     1     11    PASS   False   yes    68.4
    30      1603631      1.602    17.868      3.641     1     13    PASS   False   yes    86.0
    31      1111355      0.700    16.996      3.431     1     13    PASS   False   yes    73.7
    32      5033297      2.001    17.514      3.503     1     20    PASS   False   yes   128.5
    33      5382504      1.350    16.261      3.224     1     24    PASS   False   yes   139.1
    34     10114062      1.601    15.498      3.046     1     24    PASS   False   yes   238.4
    35     25039682      2.500    16.333      3.184     1     27    PASS   False   yes  1039.4
P36ROW

  Every row: exact big-integer verification of budget conservation
  (sum m = n, sum s = K - n), of q <= R_r at all p rotations via the
  transport recurrence of 12.6.1.1, and of the divisibility system q | R_r.
  No instance passes divisibility; the script's HALT-and-exit guard for the
  case "size AND divisibility" never fired.

  Periods 29, 30, 31, 32 are the convergent desert: no correctly-signed
  convergent denominator lies anywhere in the scale window at those periods
  (Part 2a). All four close, at ordinary integers of the window.
